#
# There is insufficient memory for the Java Runtime Environment to continue.
# Native memory allocation (malloc) failed to allocate 1048576 bytes. Error detail: AllocateHeap
# Possible reasons:
#   The system is out of physical RAM or swap space
#   This process is running with CompressedOops enabled, and the Java Heap may be blocking the growth of the native heap
# Possible solutions:
#   Reduce memory load on the system
#   Increase physical memory or swap space
#   Check if swap backing store is full
#   Decrease Java heap size (-Xmx/-Xms)
#   Decrease number of Java threads
#   Decrease Java thread stack sizes (-Xss)
#   Set larger code cache with -XX:ReservedCodeCacheSize=
#   JVM is running with Unscaled Compressed Oops mode in which the Java heap is
#     placed in the first 4GB address space. The Java Heap base address is the
#     maximum limit for the native heap growth. Please use -XX:HeapBaseMinAddress
#     to set the Java Heap base and to place the Java Heap above 4GB virtual address.
# This output file may be truncated or incomplete.
#
#  Out of Memory Error (allocation.cpp:44), pid=1516, tid=29256
#
# JRE version: OpenJDK Runtime Environment Temurin-21.0.10+7 (21.0.10+7) (build 21.0.10+7-LTS)
# Java VM: OpenJDK 64-Bit Server VM Temurin-21.0.10+7 (21.0.10+7-LTS, mixed mode, sharing, tiered, compressed oops, compressed class ptrs, parallel gc, windows-amd64)
# No core dump will be written. Minidumps are not enabled by default on client versions of Windows
#

---------------  S U M M A R Y ------------

Command Line: --add-modules=ALL-SYSTEM --add-opens=java.base/java.util=ALL-UNNAMED --add-opens=java.base/java.lang=ALL-UNNAMED --add-opens=java.base/sun.nio.fs=ALL-UNNAMED -Declipse.application=org.eclipse.jdt.ls.core.id1 -Dosgi.bundles.defaultStartLevel=4 -Declipse.product=org.eclipse.jdt.ls.core.product -Djava.import.generatesMetadataFilesAtProjectRoot=false -DDetectVMInstallationsJob.disabled=true -Dfile.encoding=utf8 -XX:+UseParallelGC -XX:GCTimeRatio=4 -XX:AdaptiveSizePolicyWeight=90 -Dsun.zip.disableMemoryMapping=true -Xmx2G -Xms100m -Xlog:disable -javaagent:c:\Users\HP\.vscode\extensions\redhat.java-1.53.0-win32-x64\lombok\lombok-1.18.39-4050.jar -XX:+HeapDumpOnOutOfMemoryError -XX:HeapDumpPath=c:\Users\HP\AppData\Roaming\Code\User\workspaceStorage\d10c0018a41ea56a6c36ef20fee6cae2\redhat.java -Daether.dependencyCollector.impl=bf c:\Users\HP\.vscode\extensions\redhat.java-1.53.0-win32-x64\server\plugins\org.eclipse.equinox.launcher_1.7.100.v20251111-0406.jar -configuration c:\Users\HP\AppData\Roaming\Code\User\globalStorage\redhat.java\1.53.0\config_win -data c:\Users\HP\AppData\Roaming\Code\User\workspaceStorage\d10c0018a41ea56a6c36ef20fee6cae2\redhat.java\jdt_ws --pipe=\\.\pipe\lsp-6295e0b1fa3d068f4dc3aadd63d808c3-sock

Host: Intel(R) Core(TM) i5-10210U CPU @ 1.60GHz, 8 cores, 7G,  Windows 11 , 64 bit Build 26100 (10.0.26100.7920)
Time: Sun Apr 12 13:50:53 2026 India Standard Time elapsed time: 1042.784990 seconds (0d 0h 17m 22s)

---------------  T H R E A D  ---------------

Current thread (0x000001f447d6f690):  JavaThread "Attach Listener" daemon [_thread_in_vm, id=29256, stack(0x000000c9c0d00000,0x000000c9c0e00000) (1024K)]

Stack: [0x000000c9c0d00000,0x000000c9c0e00000]
Native frames: (J=compiled Java code, j=interpreted, Vv=VM code, C=native code)
V  [jvm.dll+0x6d7a39]
V  [jvm.dll+0x8b4b26]
V  [jvm.dll+0x8b70de]
V  [jvm.dll+0x8b77c3]
V  [jvm.dll+0x284346]
V  [jvm.dll+0xc1277]
V  [jvm.dll+0x6d82e9]
V  [jvm.dll+0x1334a6]
V  [jvm.dll+0x3f857e]
V  [jvm.dll+0x85f59d]
V  [jvm.dll+0x6d626d]
C  [ucrtbase.dll+0x37b0]
C  [KERNEL32.DLL+0x2e8d7]
C  [ntdll.dll+0x8c48c]


---------------  P R O C E S S  ---------------

Threads class SMR info:
_java_thread_list=0x000001f460a1b0c0, length=44, elements={
0x000001f447dfbed0, 0x000001f447d64740, 0x000001f447d68ea0, 0x000001f447d6ea30,
0x000001f447d6f690, 0x000001f447d76a60, 0x000001f447d7b290, 0x000001f447d7e0e0,
0x000001f447dae5b0, 0x000001f460265870, 0x000001f4603510b0, 0x000001f4650d1570,
0x000001f460928070, 0x000001f460abe000, 0x000001f460abea40, 0x000001f465277650,
0x000001f460c4df90, 0x000001f460316d20, 0x000001f4605c65f0, 0x000001f4605c7310,
0x000001f46704f030, 0x000001f46704fd50, 0x000001f4670503e0, 0x000001f467051790,
0x000001f46704f6c0, 0x000001f467050a70, 0x000001f46704e9a0, 0x000001f46704e310,
0x000001f4670524b0, 0x000001f467053ef0, 0x000001f467051e20, 0x000001f467054580,
0x000001f46546b530, 0x000001f46546dc90, 0x000001f46546c250, 0x000001f46546c8e0,
0x000001f46546cf70, 0x000001f46546aea0, 0x000001f46546e9b0, 0x000001f46546f040,
0x000001f46546fd60, 0x000001f467055930, 0x000001f467054c10, 0x000001f4670552a0
}

Java Threads: ( => current thread )
  0x000001f447dfbed0 JavaThread "main"                              [_thread_blocked, id=14476, stack(0x000000c9c0600000,0x000000c9c0700000) (1024K)]
  0x000001f447d64740 JavaThread "Reference Handler"          daemon [_thread_blocked, id=664, stack(0x000000c9c0a00000,0x000000c9c0b00000) (1024K)]
  0x000001f447d68ea0 JavaThread "Finalizer"                  daemon [_thread_blocked, id=9360, stack(0x000000c9c0b00000,0x000000c9c0c00000) (1024K)]
  0x000001f447d6ea30 JavaThread "Signal Dispatcher"          daemon [_thread_blocked, id=15892, stack(0x000000c9c0c00000,0x000000c9c0d00000) (1024K)]
=>0x000001f447d6f690 JavaThread "Attach Listener"            daemon [_thread_in_vm, id=29256, stack(0x000000c9c0d00000,0x000000c9c0e00000) (1024K)]
  0x000001f447d76a60 JavaThread "Service Thread"             daemon [_thread_blocked, id=26816, stack(0x000000c9c0e00000,0x000000c9c0f00000) (1024K)]
  0x000001f447d7b290 JavaThread "Monitor Deflation Thread"   daemon [_thread_blocked, id=16512, stack(0x000000c9c0f00000,0x000000c9c1000000) (1024K)]
  0x000001f447d7e0e0 JavaThread "C2 CompilerThread0"         daemon [_thread_blocked, id=29232, stack(0x000000c9c1000000,0x000000c9c1100000) (1024K)]
  0x000001f447dae5b0 JavaThread "C1 CompilerThread0"         daemon [_thread_blocked, id=448, stack(0x000000c9c1100000,0x000000c9c1200000) (1024K)]
  0x000001f460265870 JavaThread "Common-Cleaner"             daemon [_thread_blocked, id=608, stack(0x000000c9c1200000,0x000000c9c1300000) (1024K)]
  0x000001f4603510b0 JavaThread "Notification Thread"        daemon [_thread_blocked, id=10864, stack(0x000000c9c1300000,0x000000c9c1400000) (1024K)]
  0x000001f4650d1570 JavaThread "Active Thread: Equinox Container: e606dbaf-9f5a-48e5-9128-ac5e8544ced8"        [_thread_blocked, id=31044, stack(0x000000c9c1400000,0x000000c9c1500000) (1024K)]
  0x000001f460928070 JavaThread "Refresh Thread: Equinox Container: e606dbaf-9f5a-48e5-9128-ac5e8544ced8" daemon [_thread_blocked, id=9264, stack(0x000000c9c1c00000,0x000000c9c1d00000) (1024K)]
  0x000001f460abe000 JavaThread "Framework Event Dispatcher: Equinox Container: e606dbaf-9f5a-48e5-9128-ac5e8544ced8" daemon [_thread_blocked, id=32540, stack(0x000000c9c1d00000,0x000000c9c1e00000) (1024K)]
  0x000001f460abea40 JavaThread "Start Level: Equinox Container: e606dbaf-9f5a-48e5-9128-ac5e8544ced8" daemon [_thread_blocked, id=11120, stack(0x000000c9c1e00000,0x000000c9c1f00000) (1024K)]
  0x000001f465277650 JavaThread "Bundle File Closer"         daemon [_thread_blocked, id=25392, stack(0x000000c9c2000000,0x000000c9c2100000) (1024K)]
  0x000001f460c4df90 JavaThread "SCR Component Actor"        daemon [_thread_blocked, id=23176, stack(0x000000c9c2100000,0x000000c9c2200000) (1024K)]
  0x000001f460316d20 JavaThread "Worker-JM"                         [_thread_blocked, id=18552, stack(0x000000c9c1f00000,0x000000c9c2000000) (1024K)]
  0x000001f4605c65f0 JavaThread "JNA Cleaner"                daemon [_thread_blocked, id=29212, stack(0x000000c9c2200000,0x000000c9c2300000) (1024K)]
  0x000001f4605c7310 JavaThread "Java indexing"              daemon [_thread_blocked, id=20420, stack(0x000000c9c2700000,0x000000c9c2800000) (1024K)]
  0x000001f46704f030 JavaThread "Thread-1"                   daemon [_thread_in_native, id=32312, stack(0x000000c9c2c00000,0x000000c9c2d00000) (1024K)]
  0x000001f46704fd50 JavaThread "Thread-2"                   daemon [_thread_in_native, id=26388, stack(0x000000c9c2d00000,0x000000c9c2e00000) (1024K)]
  0x000001f4670503e0 JavaThread "Thread-3"                   daemon [_thread_in_native, id=24408, stack(0x000000c9c2e00000,0x000000c9c2f00000) (1024K)]
  0x000001f467051790 JavaThread "Thread-4"                   daemon [_thread_in_native, id=5656, stack(0x000000c9c2f00000,0x000000c9c3000000) (1024K)]
  0x000001f46704f6c0 JavaThread "Thread-5"                   daemon [_thread_in_native, id=28160, stack(0x000000c9c3000000,0x000000c9c3100000) (1024K)]
  0x000001f467050a70 JavaThread "Thread-6"                   daemon [_thread_in_native, id=23928, stack(0x000000c9c3100000,0x000000c9c3200000) (1024K)]
  0x000001f46704e9a0 JavaThread "Thread-7"                   daemon [_thread_in_native, id=5144, stack(0x000000c9c3200000,0x000000c9c3300000) (1024K)]
  0x000001f46704e310 JavaThread "Thread-8"                   daemon [_thread_in_native, id=32644, stack(0x000000c9c3300000,0x000000c9c3400000) (1024K)]
  0x000001f4670524b0 JavaThread "Thread-9"                   daemon [_thread_in_native, id=12276, stack(0x000000c9c3400000,0x000000c9c3500000) (1024K)]
  0x000001f467053ef0 JavaThread "pool-2-thread-1"                   [_thread_blocked, id=6900, stack(0x000000c9c3500000,0x000000c9c3600000) (1024K)]
  0x000001f467051e20 JavaThread "WorkspaceEventsHandler"            [_thread_blocked, id=23584, stack(0x000000c9c3600000,0x000000c9c3700000) (1024K)]
  0x000001f467054580 JavaThread "pool-1-thread-1"                   [_thread_blocked, id=32236, stack(0x000000c9c3700000,0x000000c9c3800000) (1024K)]
  0x000001f46546b530 JavaThread "Worker-11"                         [_thread_blocked, id=10748, stack(0x000000c9c2900000,0x000000c9c2a00000) (1024K)]
  0x000001f46546dc90 JavaThread "Worker-13"                         [_thread_blocked, id=6100, stack(0x000000c9c2300000,0x000000c9c2400000) (1024K)]
  0x000001f46546c250 JavaThread "Worker-14"                         [_thread_blocked, id=26924, stack(0x000000c9c2400000,0x000000c9c2500000) (1024K)]
  0x000001f46546c8e0 JavaThread "LocalFile Deleter"          daemon [_thread_blocked, id=9516, stack(0x000000c9c2a00000,0x000000c9c2b00000) (1024K)]
  0x000001f46546cf70 JavaThread "LocalFile Deleter"          daemon [_thread_blocked, id=27344, stack(0x000000c9c2b00000,0x000000c9c2c00000) (1024K)]
  0x000001f46546aea0 JavaThread "Compiler Source File Reader" daemon [_thread_blocked, id=1104, stack(0x000000c9c3900000,0x000000c9c3a00000) (1024K)]
  0x000001f46546e9b0 JavaThread "Compiler Class File Writer" daemon [_thread_blocked, id=32636, stack(0x000000c9c3b00000,0x000000c9c3c00000) (1024K)]
  0x000001f46546f040 JavaThread "Compiler Source File Reader" daemon [_thread_blocked, id=28068, stack(0x000000c9c3c00000,0x000000c9c3d00000) (1024K)]
  0x000001f46546fd60 JavaThread "Compiler Class File Writer" daemon [_thread_blocked, id=17920, stack(0x000000c9c3d00000,0x000000c9c3e00000) (1024K)]
  0x000001f467055930 JavaThread "ForkJoinPool.commonPool-worker-10" daemon [_thread_blocked, id=22308, stack(0x000000c9c3f00000,0x000000c9c4000000) (1024K)]
  0x000001f467054c10 JavaThread "ForkJoinPool.commonPool-worker-11" daemon [_thread_blocked, id=6044, stack(0x000000c9c4000000,0x000000c9c4100000) (1024K)]
  0x000001f4670552a0 JavaThread "ForkJoinPool.commonPool-worker-12" daemon [_thread_blocked, id=15944, stack(0x000000c9c4100000,0x000000c9c4200000) (1024K)]
Total: 44

Other Threads:
  0x000001f447d510d0 VMThread "VM Thread"                           [id=25552, stack(0x000000c9c0900000,0x000000c9c0a00000) (1024K)]
  0x000001f447c8ba00 WatcherThread "VM Periodic Task Thread"        [id=32392, stack(0x000000c9c0800000,0x000000c9c0900000) (1024K)]
  0x000001f447e1a580 WorkerThread "GC Thread#0"                     [id=17544, stack(0x000000c9c0700000,0x000000c9c0800000) (1024K)]
  0x000001f46090f010 WorkerThread "GC Thread#1"                     [id=20144, stack(0x000000c9c1500000,0x000000c9c1600000) (1024K)]
  0x000001f46090f3c0 WorkerThread "GC Thread#2"                     [id=11092, stack(0x000000c9c1600000,0x000000c9c1700000) (1024K)]
  0x000001f46080ba70 WorkerThread "GC Thread#3"                     [id=23612, stack(0x000000c9c1700000,0x000000c9c1800000) (1024K)]
  0x000001f46080be20 WorkerThread "GC Thread#4"                     [id=24952, stack(0x000000c9c1800000,0x000000c9c1900000) (1024K)]
  0x000001f46080ec60 WorkerThread "GC Thread#5"                     [id=29184, stack(0x000000c9c1900000,0x000000c9c1a00000) (1024K)]
  0x000001f46080f010 WorkerThread "GC Thread#6"                     [id=27220, stack(0x000000c9c1a00000,0x000000c9c1b00000) (1024K)]
  0x000001f46512d810 WorkerThread "GC Thread#7"                     [id=1636, stack(0x000000c9c1b00000,0x000000c9c1c00000) (1024K)]
Total: 10

Threads with active compile tasks:
Total: 0

VM state: not at safepoint (normal execution)

VM Mutex/Monitor currently owned by a thread: None

Heap address: 0x0000000080000000, size: 2048 MB, Compressed Oops mode: 32-bit

CDS archive(s) mapped at: [0x000001f400000000-0x000001f400ba0000-0x000001f400ba0000), size 12189696, SharedBaseAddress: 0x000001f400000000, ArchiveRelocationMode: 1.
Compressed class space mapped at: 0x000001f401000000-0x000001f441000000, reserved size: 1073741824
Narrow klass base: 0x000001f400000000, Narrow klass shift: 0, Narrow klass range: 0x100000000

GC Precious Log:
 CardTable entry size: 512
 CPUs: 8 total, 8 available
 Memory: 7979M
 Large Page Support: Disabled
 NUMA Support: Disabled
 Compressed Oops: Enabled (32-bit)
 Alignments: Space 512K, Generation 512K, Heap 2M
 Heap Min Capacity: 100M
 Heap Initial Capacity: 100M
 Heap Max Capacity: 2G
 Pre-touch: Disabled
 Parallel Workers: 8

Heap:
 PSYoungGen      total 4608K, used 1180K [0x00000000d5580000, 0x00000000d5b00000, 0x0000000100000000)
  eden space 4096K, 24% used [0x00000000d5580000,0x00000000d567f1a0,0x00000000d5980000)
  from space 512K, 31% used [0x00000000d5980000,0x00000000d59a8000,0x00000000d5a00000)
  to   space 512K, 0% used [0x00000000d5a80000,0x00000000d5a80000,0x00000000d5b00000)
 ParOldGen       total 453632K, used 453137K [0x0000000080000000, 0x000000009bb00000, 0x00000000d5580000)
  object space 453632K, 99% used [0x0000000080000000,0x000000009ba84548,0x000000009bb00000)
 Metaspace       used 76229K, committed 77888K, reserved 1179648K
  class space    used 8009K, committed 8768K, reserved 1048576K

Card table byte_map: [0x000001f4477a0000,0x000001f447bb0000] _byte_map_base: 0x000001f4473a0000

Marking Bits: (ParMarkBitMap*) 0x00007ffe919d3450
 Begin Bits: [0x000001f45a2b0000, 0x000001f45c2b0000)
 End Bits:   [0x000001f45c2b0000, 0x000001f45e2b0000)

Polling page: 0x000001f445c50000

Metaspace:

Usage:
  Non-class:     66.62 MB used.
      Class:      7.82 MB used.
       Both:     74.44 MB used.

Virtual space:
  Non-class space:      128.00 MB reserved,      67.50 MB ( 53%) committed,  2 nodes.
      Class space:        1.00 GB reserved,       8.56 MB ( <1%) committed,  1 nodes.
             Both:        1.12 GB reserved,      76.06 MB (  7%) committed. 

Chunk freelists:
   Non-Class:  11.64 MB
       Class:  7.42 MB
        Both:  19.06 MB

MaxMetaspaceSize: unlimited
CompressedClassSpaceSize: 1.00 GB
Initial GC threshold: 21.00 MB
Current GC threshold: 97.12 MB
CDS: on
 - commit_granule_bytes: 65536.
 - commit_granule_words: 8192.
 - virtual_space_node_default_size: 8388608.
 - enlarge_chunks_in_place: 1.
 - use_allocation_guard: 0.


Internal statistics:

num_allocs_failed_limit: 9.
num_arena_births: 1284.
num_arena_deaths: 22.
num_vsnodes_births: 3.
num_vsnodes_deaths: 0.
num_space_committed: 1219.
num_space_uncommitted: 2.
num_chunks_returned_to_freelist: 54.
num_chunks_taken_from_freelist: 4819.
num_chunk_merges: 20.
num_chunk_splits: 2938.
num_chunks_enlarged: 1639.
num_inconsistent_stats: 0.

CodeHeap 'non-profiled nmethods': size=120000Kb used=14160Kb max_used=14160Kb free=105839Kb
 bounds [0x000001f452ad0000, 0x000001f4538b0000, 0x000001f45a000000]
CodeHeap 'profiled nmethods': size=120000Kb used=35047Kb max_used=35047Kb free=84952Kb
 bounds [0x000001f44b000000, 0x000001f44d240000, 0x000001f452530000]
CodeHeap 'non-nmethods': size=5760Kb used=1475Kb max_used=1573Kb free=4284Kb
 bounds [0x000001f452530000, 0x000001f4527a0000, 0x000001f452ad0000]
CodeCache: size=245760Kb, used=50682Kb, max_used=50780Kb, free=195075Kb
 total_blobs=15810, nmethods=15019, adapters=696, full_count=0
Compilation: enabled, stopped_count=0, restarted_count=0

Compilation events (20 events):
Event: 1013.482 Thread 0x000001f447dae5b0 15825       1       org.eclipse.jdt.core.dom.AST::getBindingResolver (5 bytes)
Event: 1013.484 Thread 0x000001f447dae5b0 nmethod 15825 0x000001f453896210 code [0x000001f4538963a0, 0x000001f453896468]
Event: 1013.522 Thread 0x000001f447d7e0e0 15826       4       org.eclipse.jdt.internal.core.util.LRUCache::privateAddEntry (87 bytes)
Event: 1013.545 Thread 0x000001f447d7e0e0 nmethod 15826 0x000001f453896510 code [0x000001f453896760, 0x000001f453897488]
Event: 1013.545 Thread 0x000001f447d7e0e0 15827 %     4       org.eclipse.jdt.core.compiler.CharOperation::indexOf @ 200 (270 bytes)
Event: 1013.564 Thread 0x000001f447d7e0e0 nmethod 15827% 0x000001f453897a90 code [0x000001f453897ca0, 0x000001f4538984e0]
Event: 1013.564 Thread 0x000001f447d7e0e0 15828       4       java.util.zip.ZipFile::<init> (144 bytes)
Event: 1013.592 Thread 0x000001f447dae5b0 15829       3       org.eclipse.core.runtime.SubMonitor::convert (8 bytes)
Event: 1013.595 Thread 0x000001f447dae5b0 nmethod 15829 0x000001f44d234510 code [0x000001f44d2346c0, 0x000001f44d2347e8]
Event: 1013.604 Thread 0x000001f447dae5b0 15830       3       org.eclipse.jdt.internal.core.JavaProject::getRawClasspath (38 bytes)
Event: 1013.611 Thread 0x000001f447dae5b0 nmethod 15830 0x000001f44d234890 code [0x000001f44d234ac0, 0x000001f44d235370]
Event: 1013.613 Thread 0x000001f447dae5b0 15831       3       org.eclipse.jdt.internal.core.PackageFragment::resource (74 bytes)
Event: 1013.617 Thread 0x000001f447dae5b0 nmethod 15831 0x000001f44d235690 code [0x000001f44d235900, 0x000001f44d236378]
Event: 1013.650 Thread 0x000001f447dae5b0 15833       3       org.eclipse.lsp4j.jsonrpc.json.adapters.CollectionTypeAdapter::write (123 bytes)
Event: 1013.666 Thread 0x000001f447dae5b0 nmethod 15833 0x000001f44d236790 code [0x000001f44d236a80, 0x000001f44d237af0]
Event: 1013.667 Thread 0x000001f447dae5b0 15832       3       org.eclipse.lsp4j.jsonrpc.json.adapters.CollectionTypeAdapter::write (10 bytes)
Event: 1013.667 Thread 0x000001f447dae5b0 nmethod 15832 0x000001f44d238010 code [0x000001f44d2381c0, 0x000001f44d238420]
Event: 1013.963 Thread 0x000001f447d7e0e0 nmethod 15828 0x000001f453898910 code [0x000001f453899160, 0x000001f45389fdd8]
Event: 1037.914 Thread 0x000001f447dae5b0 15834   !   3       java.util.logging.LogManager::ensureLogManagerInitialized (144 bytes)
Event: 1037.970 Thread 0x000001f447dae5b0 nmethod 15834 0x000001f44d238510 code [0x000001f44d238820, 0x000001f44d239940]

GC Heap History (20 events):
Event: 1012.820 GC heap before
{Heap before GC invocations=1231 (full 3):
 PSYoungGen      total 4608K, used 4370K [0x00000000d5580000, 0x00000000d5a80000, 0x0000000100000000)
  eden space 4096K, 100% used [0x00000000d5580000,0x00000000d5980000,0x00000000d5980000)
  from space 512K, 53% used [0x00000000d5980000,0x00000000d59c4a58,0x00000000d5a00000)
  to   space 512K, 0% used [0x00000000d5a00000,0x00000000d5a00000,0x00000000d5a80000)
 ParOldGen       total 452096K, used 451741K [0x0000000080000000, 0x000000009b980000, 0x00000000d5580000)
  object space 452096K, 99% used [0x0000000080000000,0x000000009b927780,0x000000009b980000)
 Metaspace       used 76194K, committed 77888K, reserved 1179648K
  class space    used 8009K, committed 8768K, reserved 1048576K
}
Event: 1012.823 GC heap after
{Heap after GC invocations=1231 (full 3):
 PSYoungGen      total 4608K, used 236K [0x00000000d5580000, 0x00000000d5a80000, 0x0000000100000000)
  eden space 4096K, 0% used [0x00000000d5580000,0x00000000d5580000,0x00000000d5980000)
  from space 512K, 46% used [0x00000000d5a00000,0x00000000d5a3b138,0x00000000d5a80000)
  to   space 512K, 0% used [0x00000000d5980000,0x00000000d5980000,0x00000000d5a00000)
 ParOldGen       total 452096K, used 451861K [0x0000000080000000, 0x000000009b980000, 0x00000000d5580000)
  object space 452096K, 99% used [0x0000000080000000,0x000000009b945780,0x000000009b980000)
 Metaspace       used 76194K, committed 77888K, reserved 1179648K
  class space    used 8009K, committed 8768K, reserved 1048576K
}
Event: 1012.845 GC heap before
{Heap before GC invocations=1232 (full 3):
 PSYoungGen      total 4608K, used 4229K [0x00000000d5580000, 0x00000000d5a80000, 0x0000000100000000)
  eden space 4096K, 97% used [0x00000000d5580000,0x00000000d5966558,0x00000000d5980000)
  from space 512K, 46% used [0x00000000d5a00000,0x00000000d5a3b138,0x00000000d5a80000)
  to   space 512K, 0% used [0x00000000d5980000,0x00000000d5980000,0x00000000d5a00000)
 ParOldGen       total 452096K, used 451861K [0x0000000080000000, 0x000000009b980000, 0x00000000d5580000)
  object space 452096K, 99% used [0x0000000080000000,0x000000009b945780,0x000000009b980000)
 Metaspace       used 76194K, committed 77888K, reserved 1179648K
  class space    used 8009K, committed 8768K, reserved 1048576K
}
Event: 1012.847 GC heap after
{Heap after GC invocations=1232 (full 3):
 PSYoungGen      total 4608K, used 224K [0x00000000d5580000, 0x00000000d5a80000, 0x0000000100000000)
  eden space 4096K, 0% used [0x00000000d5580000,0x00000000d5580000,0x00000000d5980000)
  from space 512K, 43% used [0x00000000d5980000,0x00000000d59b8000,0x00000000d5a00000)
  to   space 512K, 0% used [0x00000000d5a00000,0x00000000d5a00000,0x00000000d5a80000)
 ParOldGen       total 452096K, used 451917K [0x0000000080000000, 0x000000009b980000, 0x00000000d5580000)
  object space 452096K, 99% used [0x0000000080000000,0x000000009b953780,0x000000009b980000)
 Metaspace       used 76194K, committed 77888K, reserved 1179648K
  class space    used 8009K, committed 8768K, reserved 1048576K
}
Event: 1012.854 GC heap before
{Heap before GC invocations=1233 (full 3):
 PSYoungGen      total 4608K, used 4320K [0x00000000d5580000, 0x00000000d5a80000, 0x0000000100000000)
  eden space 4096K, 100% used [0x00000000d5580000,0x00000000d5980000,0x00000000d5980000)
  from space 512K, 43% used [0x00000000d5980000,0x00000000d59b8000,0x00000000d5a00000)
  to   space 512K, 0% used [0x00000000d5a00000,0x00000000d5a00000,0x00000000d5a80000)
 ParOldGen       total 452096K, used 451917K [0x0000000080000000, 0x000000009b980000, 0x00000000d5580000)
  object space 452096K, 99% used [0x0000000080000000,0x000000009b953780,0x000000009b980000)
 Metaspace       used 76194K, committed 77888K, reserved 1179648K
  class space    used 8009K, committed 8768K, reserved 1048576K
}
Event: 1012.856 GC heap after
{Heap after GC invocations=1233 (full 3):
 PSYoungGen      total 4608K, used 297K [0x00000000d5580000, 0x00000000d5a80000, 0x0000000100000000)
  eden space 4096K, 0% used [0x00000000d5580000,0x00000000d5580000,0x00000000d5980000)
  from space 512K, 58% used [0x00000000d5a00000,0x00000000d5a4a778,0x00000000d5a80000)
  to   space 512K, 0% used [0x00000000d5980000,0x00000000d5980000,0x00000000d5a00000)
 ParOldGen       total 452096K, used 452013K [0x0000000080000000, 0x000000009b980000, 0x00000000d5580000)
  object space 452096K, 99% used [0x0000000080000000,0x000000009b96b780,0x000000009b980000)
 Metaspace       used 76194K, committed 77888K, reserved 1179648K
  class space    used 8009K, committed 8768K, reserved 1048576K
}
Event: 1012.870 GC heap before
{Heap before GC invocations=1234 (full 3):
 PSYoungGen      total 4608K, used 4393K [0x00000000d5580000, 0x00000000d5a80000, 0x0000000100000000)
  eden space 4096K, 100% used [0x00000000d5580000,0x00000000d5980000,0x00000000d5980000)
  from space 512K, 58% used [0x00000000d5a00000,0x00000000d5a4a778,0x00000000d5a80000)
  to   space 512K, 0% used [0x00000000d5980000,0x00000000d5980000,0x00000000d5a00000)
 ParOldGen       total 452096K, used 452013K [0x0000000080000000, 0x000000009b980000, 0x00000000d5580000)
  object space 452096K, 99% used [0x0000000080000000,0x000000009b96b780,0x000000009b980000)
 Metaspace       used 76194K, committed 77888K, reserved 1179648K
  class space    used 8009K, committed 8768K, reserved 1048576K
}
Event: 1012.873 GC heap after
{Heap after GC invocations=1234 (full 3):
 PSYoungGen      total 4608K, used 256K [0x00000000d5580000, 0x00000000d5a80000, 0x0000000100000000)
  eden space 4096K, 0% used [0x00000000d5580000,0x00000000d5580000,0x00000000d5980000)
  from space 512K, 50% used [0x00000000d5980000,0x00000000d59c0000,0x00000000d5a00000)
  to   space 512K, 0% used [0x00000000d5a00000,0x00000000d5a00000,0x00000000d5a80000)
 ParOldGen       total 452608K, used 452109K [0x0000000080000000, 0x000000009ba00000, 0x00000000d5580000)
  object space 452608K, 99% used [0x0000000080000000,0x000000009b983780,0x000000009ba00000)
 Metaspace       used 76194K, committed 77888K, reserved 1179648K
  class space    used 8009K, committed 8768K, reserved 1048576K
}
Event: 1012.885 GC heap before
{Heap before GC invocations=1235 (full 3):
 PSYoungGen      total 4608K, used 4352K [0x00000000d5580000, 0x00000000d5a80000, 0x0000000100000000)
  eden space 4096K, 100% used [0x00000000d5580000,0x00000000d5980000,0x00000000d5980000)
  from space 512K, 50% used [0x00000000d5980000,0x00000000d59c0000,0x00000000d5a00000)
  to   space 512K, 0% used [0x00000000d5a00000,0x00000000d5a00000,0x00000000d5a80000)
 ParOldGen       total 452608K, used 452109K [0x0000000080000000, 0x000000009ba00000, 0x00000000d5580000)
  object space 452608K, 99% used [0x0000000080000000,0x000000009b983780,0x000000009ba00000)
 Metaspace       used 76194K, committed 77888K, reserved 1179648K
  class space    used 8009K, committed 8768K, reserved 1048576K
}
Event: 1012.887 GC heap after
{Heap after GC invocations=1235 (full 3):
 PSYoungGen      total 4608K, used 291K [0x00000000d5580000, 0x00000000d5a80000, 0x0000000100000000)
  eden space 4096K, 0% used [0x00000000d5580000,0x00000000d5580000,0x00000000d5980000)
  from space 512K, 56% used [0x00000000d5a00000,0x00000000d5a48df8,0x00000000d5a80000)
  to   space 512K, 0% used [0x00000000d5980000,0x00000000d5980000,0x00000000d5a00000)
 ParOldGen       total 452608K, used 452202K [0x0000000080000000, 0x000000009ba00000, 0x00000000d5580000)
  object space 452608K, 99% used [0x0000000080000000,0x000000009b99aad8,0x000000009ba00000)
 Metaspace       used 76194K, committed 77888K, reserved 1179648K
  class space    used 8009K, committed 8768K, reserved 1048576K
}
Event: 1012.909 GC heap before
{Heap before GC invocations=1236 (full 3):
 PSYoungGen      total 4608K, used 4387K [0x00000000d5580000, 0x00000000d5a80000, 0x0000000100000000)
  eden space 4096K, 100% used [0x00000000d5580000,0x00000000d5980000,0x00000000d5980000)
  from space 512K, 56% used [0x00000000d5a00000,0x00000000d5a48df8,0x00000000d5a80000)
  to   space 512K, 0% used [0x00000000d5980000,0x00000000d5980000,0x00000000d5a00000)
 ParOldGen       total 452608K, used 452202K [0x0000000080000000, 0x000000009ba00000, 0x00000000d5580000)
  object space 452608K, 99% used [0x0000000080000000,0x000000009b99aad8,0x000000009ba00000)
 Metaspace       used 76194K, committed 77888K, reserved 1179648K
  class space    used 8009K, committed 8768K, reserved 1048576K
}
Event: 1012.912 GC heap after
{Heap after GC invocations=1236 (full 3):
 PSYoungGen      total 4608K, used 224K [0x00000000d5580000, 0x00000000d5a80000, 0x0000000100000000)
  eden space 4096K, 0% used [0x00000000d5580000,0x00000000d5580000,0x00000000d5980000)
  from space 512K, 43% used [0x00000000d5980000,0x00000000d59b8000,0x00000000d5a00000)
  to   space 512K, 0% used [0x00000000d5a00000,0x00000000d5a00000,0x00000000d5a80000)
 ParOldGen       total 452608K, used 452266K [0x0000000080000000, 0x000000009ba00000, 0x00000000d5580000)
  object space 452608K, 99% used [0x0000000080000000,0x000000009b9aaad8,0x000000009ba00000)
 Metaspace       used 76194K, committed 77888K, reserved 1179648K
  class space    used 8009K, committed 8768K, reserved 1048576K
}
Event: 1012.967 GC heap before
{Heap before GC invocations=1237 (full 3):
 PSYoungGen      total 4608K, used 4320K [0x00000000d5580000, 0x00000000d5a80000, 0x0000000100000000)
  eden space 4096K, 100% used [0x00000000d5580000,0x00000000d5980000,0x00000000d5980000)
  from space 512K, 43% used [0x00000000d5980000,0x00000000d59b8000,0x00000000d5a00000)
  to   space 512K, 0% used [0x00000000d5a00000,0x00000000d5a00000,0x00000000d5a80000)
 ParOldGen       total 452608K, used 452266K [0x0000000080000000, 0x000000009ba00000, 0x00000000d5580000)
  object space 452608K, 99% used [0x0000000080000000,0x000000009b9aaad8,0x000000009ba00000)
 Metaspace       used 76194K, committed 77888K, reserved 1179648K
  class space    used 8009K, committed 8768K, reserved 1048576K
}
Event: 1012.971 GC heap after
{Heap after GC invocations=1237 (full 3):
 PSYoungGen      total 4608K, used 372K [0x00000000d5580000, 0x00000000d5a80000, 0x0000000100000000)
  eden space 4096K, 0% used [0x00000000d5580000,0x00000000d5580000,0x00000000d5980000)
  from space 512K, 72% used [0x00000000d5a00000,0x00000000d5a5d200,0x00000000d5a80000)
  to   space 512K, 0% used [0x00000000d5980000,0x00000000d5980000,0x00000000d5a00000)
 ParOldGen       total 452608K, used 452346K [0x0000000080000000, 0x000000009ba00000, 0x00000000d5580000)
  object space 452608K, 99% used [0x0000000080000000,0x000000009b9bead8,0x000000009ba00000)
 Metaspace       used 76194K, committed 77888K, reserved 1179648K
  class space    used 8009K, committed 8768K, reserved 1048576K
}
Event: 1013.316 GC heap before
{Heap before GC invocations=1238 (full 3):
 PSYoungGen      total 4608K, used 4468K [0x00000000d5580000, 0x00000000d5a80000, 0x0000000100000000)
  eden space 4096K, 100% used [0x00000000d5580000,0x00000000d5980000,0x00000000d5980000)
  from space 512K, 72% used [0x00000000d5a00000,0x00000000d5a5d200,0x00000000d5a80000)
  to   space 512K, 0% used [0x00000000d5980000,0x00000000d5980000,0x00000000d5a00000)
 ParOldGen       total 452608K, used 452346K [0x0000000080000000, 0x000000009ba00000, 0x00000000d5580000)
  object space 452608K, 99% used [0x0000000080000000,0x000000009b9bead8,0x000000009ba00000)
 Metaspace       used 76207K, committed 77888K, reserved 1179648K
  class space    used 8009K, committed 8768K, reserved 1048576K
}
Event: 1013.331 GC heap after
{Heap after GC invocations=1238 (full 3):
 PSYoungGen      total 4608K, used 512K [0x00000000d5580000, 0x00000000d5b80000, 0x0000000100000000)
  eden space 4096K, 0% used [0x00000000d5580000,0x00000000d5580000,0x00000000d5980000)
  from space 512K, 100% used [0x00000000d5980000,0x00000000d5a00000,0x00000000d5a00000)
  to   space 1024K, 0% used [0x00000000d5a80000,0x00000000d5a80000,0x00000000d5b80000)
 ParOldGen       total 452608K, used 452490K [0x0000000080000000, 0x000000009ba00000, 0x00000000d5580000)
  object space 452608K, 99% used [0x0000000080000000,0x000000009b9e2ad8,0x000000009ba00000)
 Metaspace       used 76207K, committed 77888K, reserved 1179648K
  class space    used 8009K, committed 8768K, reserved 1048576K
}
Event: 1013.496 GC heap before
{Heap before GC invocations=1239 (full 3):
 PSYoungGen      total 4608K, used 4542K [0x00000000d5580000, 0x00000000d5b80000, 0x0000000100000000)
  eden space 4096K, 98% used [0x00000000d5580000,0x00000000d596fae8,0x00000000d5980000)
  from space 512K, 100% used [0x00000000d5980000,0x00000000d5a00000,0x00000000d5a00000)
  to   space 1024K, 0% used [0x00000000d5a80000,0x00000000d5a80000,0x00000000d5b80000)
 ParOldGen       total 452608K, used 452490K [0x0000000080000000, 0x000000009ba00000, 0x00000000d5580000)
  object space 452608K, 99% used [0x0000000080000000,0x000000009b9e2ad8,0x000000009ba00000)
 Metaspace       used 76221K, committed 77888K, reserved 1179648K
  class space    used 8009K, committed 8768K, reserved 1048576K
}
Event: 1013.502 GC heap after
{Heap after GC invocations=1239 (full 3):
 PSYoungGen      total 4608K, used 288K [0x00000000d5580000, 0x00000000d5b00000, 0x0000000100000000)
  eden space 4096K, 0% used [0x00000000d5580000,0x00000000d5580000,0x00000000d5980000)
  from space 512K, 56% used [0x00000000d5a80000,0x00000000d5ac8000,0x00000000d5b00000)
  to   space 512K, 0% used [0x00000000d5980000,0x00000000d5980000,0x00000000d5a00000)
 ParOldGen       total 453120K, used 452961K [0x0000000080000000, 0x000000009ba80000, 0x00000000d5580000)
  object space 453120K, 99% used [0x0000000080000000,0x000000009ba58548,0x000000009ba80000)
 Metaspace       used 76221K, committed 77888K, reserved 1179648K
  class space    used 8009K, committed 8768K, reserved 1048576K
}
Event: 1013.606 GC heap before
{Heap before GC invocations=1240 (full 3):
 PSYoungGen      total 4608K, used 4384K [0x00000000d5580000, 0x00000000d5b00000, 0x0000000100000000)
  eden space 4096K, 100% used [0x00000000d5580000,0x00000000d5980000,0x00000000d5980000)
  from space 512K, 56% used [0x00000000d5a80000,0x00000000d5ac8000,0x00000000d5b00000)
  to   space 512K, 0% used [0x00000000d5980000,0x00000000d5980000,0x00000000d5a00000)
 ParOldGen       total 453120K, used 452961K [0x0000000080000000, 0x000000009ba80000, 0x00000000d5580000)
  object space 453120K, 99% used [0x0000000080000000,0x000000009ba58548,0x000000009ba80000)
 Metaspace       used 76222K, committed 77888K, reserved 1179648K
  class space    used 8009K, committed 8768K, reserved 1048576K
}
Event: 1013.609 GC heap after
{Heap after GC invocations=1240 (full 3):
 PSYoungGen      total 4608K, used 160K [0x00000000d5580000, 0x00000000d5b00000, 0x0000000100000000)
  eden space 4096K, 0% used [0x00000000d5580000,0x00000000d5580000,0x00000000d5980000)
  from space 512K, 31% used [0x00000000d5980000,0x00000000d59a8000,0x00000000d5a00000)
  to   space 512K, 0% used [0x00000000d5a80000,0x00000000d5a80000,0x00000000d5b00000)
 ParOldGen       total 453632K, used 453137K [0x0000000080000000, 0x000000009bb00000, 0x00000000d5580000)
  object space 453632K, 99% used [0x0000000080000000,0x000000009ba84548,0x000000009bb00000)
 Metaspace       used 76222K, committed 77888K, reserved 1179648K
  class space    used 8009K, committed 8768K, reserved 1048576K
}

Dll operation events (12 events):
Event: 0.034 Loaded shared library c:\Users\HP\.vscode\extensions\redhat.java-1.53.0-win32-x64\jre\21.0.10-win32-x86_64\bin\java.dll
Event: 0.185 Loaded shared library c:\Users\HP\.vscode\extensions\redhat.java-1.53.0-win32-x64\jre\21.0.10-win32-x86_64\bin\zip.dll
Event: 0.782 Loaded shared library C:\Users\HP\.vscode\extensions\redhat.java-1.53.0-win32-x64\jre\21.0.10-win32-x86_64\bin\instrument.dll
Event: 0.865 Loaded shared library C:\Users\HP\.vscode\extensions\redhat.java-1.53.0-win32-x64\jre\21.0.10-win32-x86_64\bin\net.dll
Event: 0.873 Loaded shared library C:\Users\HP\.vscode\extensions\redhat.java-1.53.0-win32-x64\jre\21.0.10-win32-x86_64\bin\nio.dll
Event: 0.887 Loaded shared library C:\Users\HP\.vscode\extensions\redhat.java-1.53.0-win32-x64\jre\21.0.10-win32-x86_64\bin\zip.dll
Event: 1.006 Loaded shared library C:\Users\HP\.vscode\extensions\redhat.java-1.53.0-win32-x64\jre\21.0.10-win32-x86_64\bin\jimage.dll
Event: 1.450 Loaded shared library c:\Users\HP\.vscode\extensions\redhat.java-1.53.0-win32-x64\jre\21.0.10-win32-x86_64\bin\verify.dll
Event: 4.658 Loaded shared library C:\Users\HP\AppData\Roaming\Code\User\globalStorage\redhat.java\1.53.0\config_win\org.eclipse.equinox.launcher\org.eclipse.equinox.launcher.win32.win32.x86_64_1.3.0.v20260203-2149\eclipse_11919.dll
Event: 9.726 Loaded shared library C:\Users\HP\AppData\Local\Temp\jna-2312\jna1192193565360240312.dll
Event: 287.785 Loaded shared library C:\Users\HP\.vscode\extensions\redhat.java-1.53.0-win32-x64\jre\21.0.10-win32-x86_64\bin\sunmscapi.dll
Event: 288.682 Loaded shared library C:\Users\HP\.vscode\extensions\redhat.java-1.53.0-win32-x64\jre\21.0.10-win32-x86_64\bin\extnet.dll

Deoptimization events (20 events):
Event: 897.406 Thread 0x000001f4605c7310 DEOPT PACKING pc=0x000001f44d1e4a22 sp=0x000000c9c27feae0
Event: 897.406 Thread 0x000001f4605c7310 DEOPT UNPACKING pc=0x000001f452584242 sp=0x000000c9c27fe058 mode 0
Event: 897.472 Thread 0x000001f4605c7310 DEOPT PACKING pc=0x000001f44c88a0c8 sp=0x000000c9c27fece0
Event: 897.472 Thread 0x000001f4605c7310 DEOPT UNPACKING pc=0x000001f452584242 sp=0x000000c9c27fe1d0 mode 0
Event: 1010.246 Thread 0x000001f4670552a0 Uncommon trap: trap_request=0xffffffe4 fr.pc=0x000001f4538475ac relative=0x00000000000015ec
Event: 1010.247 Thread 0x000001f4670552a0 Uncommon trap: reason=range_check action=make_not_entrant pc=0x000001f4538475ac method=org.eclipse.jdt.internal.compiler.parser.Scanner.internalScanIdentifierOrKeyword(II[C)Lorg/eclipse/jdt/internal/compiler/parser/TerminalToken; @ 3013 c2
Event: 1010.248 Thread 0x000001f4670552a0 DEOPT PACKING pc=0x000001f4538475ac sp=0x000000c9c41fdd40
Event: 1010.252 Thread 0x000001f4670552a0 DEOPT UNPACKING pc=0x000001f452583aa2 sp=0x000000c9c41fdcd0 mode 2
Event: 1012.973 Thread 0x000001f4670552a0 Uncommon trap: trap_request=0xffffffbe fr.pc=0x000001f45388ad10 relative=0x0000000000001870
Event: 1012.973 Thread 0x000001f4670552a0 Uncommon trap: reason=profile_predicate action=maybe_recompile pc=0x000001f45388ad10 method=org.eclipse.jdt.internal.core.JarPackageFragmentRoot.createChildren(Ljava/util/Collection;)[Lorg/eclipse/jdt/core/IJavaElement; @ 92 c2
Event: 1012.973 Thread 0x000001f4670552a0 DEOPT PACKING pc=0x000001f45388ad10 sp=0x000000c9c41fdcf0
Event: 1012.973 Thread 0x000001f4670552a0 DEOPT UNPACKING pc=0x000001f452583aa2 sp=0x000000c9c41fdce8 mode 2
Event: 1012.986 Thread 0x000001f4670552a0 Uncommon trap: trap_request=0xffffffbe fr.pc=0x000001f45388ad10 relative=0x0000000000001870
Event: 1012.986 Thread 0x000001f4670552a0 Uncommon trap: reason=profile_predicate action=maybe_recompile pc=0x000001f45388ad10 method=org.eclipse.jdt.internal.core.JarPackageFragmentRoot.createChildren(Ljava/util/Collection;)[Lorg/eclipse/jdt/core/IJavaElement; @ 92 c2
Event: 1012.986 Thread 0x000001f4670552a0 DEOPT PACKING pc=0x000001f45388ad10 sp=0x000000c9c41fdcf0
Event: 1012.986 Thread 0x000001f4670552a0 DEOPT UNPACKING pc=0x000001f452583aa2 sp=0x000000c9c41fdce8 mode 2
Event: 1013.483 Thread 0x000001f4670552a0 Uncommon trap: trap_request=0xffffffc6 fr.pc=0x000001f45332dba8 relative=0x0000000000000d88
Event: 1013.483 Thread 0x000001f4670552a0 Uncommon trap: reason=bimorphic_or_optimized_type_check action=maybe_recompile pc=0x000001f45332dba8 method=java.util.concurrent.ConcurrentHashMap.putVal(Ljava/lang/Object;Ljava/lang/Object;Z)Ljava/lang/Object; @ 159 c2
Event: 1013.484 Thread 0x000001f4670552a0 DEOPT PACKING pc=0x000001f45332dba8 sp=0x000000c9c41fe3c0
Event: 1013.484 Thread 0x000001f4670552a0 DEOPT UNPACKING pc=0x000001f452583aa2 sp=0x000000c9c41fe340 mode 2

Classes loaded (20 events):
Event: 489.043 Loading class java/util/stream/Nodes$ConcNode
Event: 489.055 Loading class java/util/stream/Nodes$AbstractConcNode
Event: 489.059 Loading class java/util/stream/Nodes$AbstractConcNode done
Event: 489.059 Loading class java/util/stream/Nodes$ConcNode done
Event: 871.781 Loading class sun/security/ssl/PreSharedKeyExtension$PskIdentity
Event: 871.784 Loading class sun/security/ssl/PreSharedKeyExtension$PskIdentity done
Event: 871.788 Loading class sun/security/ssl/PreSharedKeyExtension$CHPreSharedKeySpec
Event: 871.797 Loading class sun/security/ssl/PreSharedKeyExtension$CHPreSharedKeySpec done
Event: 871.798 Loading class sun/security/ssl/PreSharedKeyExtension$PartialClientHelloMessage
Event: 871.800 Loading class sun/security/ssl/PreSharedKeyExtension$PartialClientHelloMessage done
Event: 871.801 Loading class sun/security/ssl/SSLEngineOutputRecord
Event: 871.810 Loading class sun/security/ssl/SSLEngineOutputRecord done
Event: 871.812 Loading class sun/security/ssl/SSLEngineOutputRecord$HandshakeFragment
Event: 871.821 Loading class sun/security/ssl/SSLEngineOutputRecord$HandshakeFragment done
Event: 871.821 Loading class sun/security/ssl/SSLEngineOutputRecord$HandshakeMemo
Event: 871.821 Loading class sun/security/ssl/SSLEngineOutputRecord$RecordMemo
Event: 871.822 Loading class sun/security/ssl/SSLEngineOutputRecord$RecordMemo done
Event: 871.822 Loading class sun/security/ssl/SSLEngineOutputRecord$HandshakeMemo done
Event: 871.860 Loading class sun/security/ssl/PreSharedKeyExtension$SHPreSharedKeySpec
Event: 871.862 Loading class sun/security/ssl/PreSharedKeyExtension$SHPreSharedKeySpec done

Classes unloaded (20 events):
Event: 286.833 Thread 0x000001f447d510d0 Unloading class 0x000001f4016b2000 'org/codehaus/plexus/interpolation/BasicInterpolator'
Event: 286.833 Thread 0x000001f447d510d0 Unloading class 0x000001f4016adde0 'org/codehaus/plexus/interpolation/ValueSource'
Event: 286.833 Thread 0x000001f447d510d0 Unloading class 0x000001f4016ada18 'org/apache/maven/shared/filtering/MavenResourcesExecution'
Event: 286.833 Thread 0x000001f447d510d0 Unloading class 0x000001f4016ad740 'org/apache/maven/shared/filtering/AbstractMavenFilteringRequest'
Event: 286.833 Thread 0x000001f447d510d0 Unloading class 0x000001f4016ad4e0 'org/apache/maven/shared/filtering/MavenFilteringException'
Event: 286.833 Thread 0x000001f447d510d0 Unloading class 0x000001f4016ad290 'org/apache/maven/shared/filtering/DefaultMavenResourcesFiltering'
Event: 286.833 Thread 0x000001f447d510d0 Unloading class 0x000001f4016ad090 'org/apache/maven/shared/filtering/MavenResourcesFiltering'
Event: 286.833 Thread 0x000001f447d510d0 Unloading class 0x000001f4016ace00 'org/apache/maven/shared/filtering/DefaultMavenReaderFilter'
Event: 286.833 Thread 0x000001f447d510d0 Unloading class 0x000001f4016acc00 'org/apache/maven/shared/filtering/MavenReaderFilter'
Event: 286.833 Thread 0x000001f447d510d0 Unloading class 0x000001f4016ac960 'org/apache/maven/shared/filtering/DefaultMavenFileFilter'
Event: 286.833 Thread 0x000001f447d510d0 Unloading class 0x000001f4016ac710 'org/apache/maven/shared/filtering/BaseFilter'
Event: 286.833 Thread 0x000001f447d510d0 Unloading class 0x000001f4016ac510 'org/apache/maven/shared/filtering/MavenFileFilter'
Event: 286.833 Thread 0x000001f447d510d0 Unloading class 0x000001f4016ac310 'org/apache/maven/shared/filtering/DefaultFilterInfo'
Event: 286.833 Thread 0x000001f447d510d0 Unloading class 0x000001f4016ac000 'org/apache/maven/plugins/resources/TestResourcesMojo'
Event: 286.833 Thread 0x000001f447d510d0 Unloading class 0x000001f4016ab400 'org/apache/maven/plugins/maven_resources_plugin/HelpMojo'
Event: 286.833 Thread 0x000001f447d510d0 Unloading class 0x000001f4016abb10 'org/apache/maven/plugins/resources/CopyResourcesMojo'
Event: 286.833 Thread 0x000001f447d510d0 Unloading class 0x000001f4016ab800 'org/apache/maven/plugins/resources/ResourcesMojo'
Event: 286.833 Thread 0x000001f447d510d0 Unloading class 0x000001f401631800 'java/lang/invoke/LambdaForm$DMH+0x000001f401631800'
Event: 286.833 Thread 0x000001f447d510d0 Unloading class 0x000001f401631400 'java/lang/invoke/LambdaForm$DMH+0x000001f401631400'
Event: 286.833 Thread 0x000001f447d510d0 Unloading class 0x000001f401631000 'java/lang/invoke/LambdaForm$DMH+0x000001f401631000'

Classes redefined (0 events):
No events

Internal exceptions (20 events):
Event: 895.106 Thread 0x000001f4605c7310 Exception <a 'sun/nio/fs/WindowsException'{0x00000000d569e720}> (0x00000000d569e720) 
thrown [s\src\hotspot\share\prims\jni.cpp, line 520]
Event: 895.132 Thread 0x000001f4605c7310 Exception <a 'sun/nio/fs/WindowsException'{0x00000000d56e4b80}> (0x00000000d56e4b80) 
thrown [s\src\hotspot\share\prims\jni.cpp, line 520]
Event: 895.206 Thread 0x000001f4605c7310 Exception <a 'sun/nio/fs/WindowsException'{0x00000000d5680ab8}> (0x00000000d5680ab8) 
thrown [s\src\hotspot\share\prims\jni.cpp, line 520]
Event: 896.311 Thread 0x000001f4605c7310 Exception <a 'sun/nio/fs/WindowsException'{0x00000000d564bd70}> (0x00000000d564bd70) 
thrown [s\src\hotspot\share\prims\jni.cpp, line 520]
Event: 896.431 Thread 0x000001f4605c7310 Exception <a 'sun/nio/fs/WindowsException'{0x00000000d58125e8}> (0x00000000d58125e8) 
thrown [s\src\hotspot\share\prims\jni.cpp, line 520]
Event: 896.557 Thread 0x000001f4605c7310 Exception <a 'sun/nio/fs/WindowsException'{0x00000000d56f4090}> (0x00000000d56f4090) 
thrown [s\src\hotspot\share\prims\jni.cpp, line 520]
Event: 896.606 Thread 0x000001f4605c7310 Exception <a 'sun/nio/fs/WindowsException'{0x00000000d558ecb8}> (0x00000000d558ecb8) 
thrown [s\src\hotspot\share\prims\jni.cpp, line 520]
Event: 897.146 Thread 0x000001f4605c7310 Exception <a 'sun/nio/fs/WindowsException'{0x00000000d55a1450}> (0x00000000d55a1450) 
thrown [s\src\hotspot\share\prims\jni.cpp, line 520]
Event: 897.247 Thread 0x000001f4605c7310 Exception <a 'sun/nio/fs/WindowsException'{0x00000000d56e2df0}> (0x00000000d56e2df0) 
thrown [s\src\hotspot\share\prims\jni.cpp, line 520]
Event: 897.285 Thread 0x000001f4605c7310 Exception <a 'sun/nio/fs/WindowsException'{0x00000000d5815038}> (0x00000000d5815038) 
thrown [s\src\hotspot\share\prims\jni.cpp, line 520]
Event: 897.328 Thread 0x000001f4605c7310 Exception <a 'sun/nio/fs/WindowsException'{0x00000000d55d0d40}> (0x00000000d55d0d40) 
thrown [s\src\hotspot\share\prims\jni.cpp, line 520]
Event: 897.459 Thread 0x000001f4605c7310 Exception <a 'sun/nio/fs/WindowsException'{0x00000000d57b9828}> (0x00000000d57b9828) 
thrown [s\src\hotspot\share\prims\jni.cpp, line 520]
Event: 897.542 Thread 0x000001f4670531d0 Exception <a 'sun/nio/fs/WindowsException'{0x00000000d56dd698}> (0x00000000d56dd698) 
thrown [s\src\hotspot\share\prims\jni.cpp, line 520]
Event: 897.542 Thread 0x000001f4670531d0 Exception <a 'sun/nio/fs/WindowsException'{0x00000000d56de068}> (0x00000000d56de068) 
thrown [s\src\hotspot\share\prims\jni.cpp, line 520]
Event: 897.542 Thread 0x000001f4670531d0 Exception <a 'sun/nio/fs/WindowsException'{0x00000000d56df268}> (0x00000000d56df268) 
thrown [s\src\hotspot\share\prims\jni.cpp, line 520]
Event: 897.543 Thread 0x000001f4670531d0 Exception <a 'sun/nio/fs/WindowsException'{0x00000000d56dfc18}> (0x00000000d56dfc18) 
thrown [s\src\hotspot\share\prims\jni.cpp, line 520]
Event: 897.544 Thread 0x000001f4670531d0 Exception <a 'sun/nio/fs/WindowsException'{0x00000000d56e1608}> (0x00000000d56e1608) 
thrown [s\src\hotspot\share\prims\jni.cpp, line 520]
Event: 897.544 Thread 0x000001f4670531d0 Exception <a 'sun/nio/fs/WindowsException'{0x00000000d56e1fb8}> (0x00000000d56e1fb8) 
thrown [s\src\hotspot\share\prims\jni.cpp, line 520]
Event: 897.551 Thread 0x000001f4670531d0 Exception <a 'sun/nio/fs/WindowsException'{0x00000000d57005e8}> (0x00000000d57005e8) 
thrown [s\src\hotspot\share\prims\jni.cpp, line 520]
Event: 897.551 Thread 0x000001f4670531d0 Exception <a 'sun/nio/fs/WindowsException'{0x00000000d5700f98}> (0x00000000d5700f98) 
thrown [s\src\hotspot\share\prims\jni.cpp, line 520]

ZGC Phase Switch (0 events):
No events

VM Operations (20 events):
Event: 1012.870 Executing safepoint VM operation: ParallelGCFailedAllocation (Allocation Failure)
Event: 1012.873 Executing safepoint VM operation: ParallelGCFailedAllocation (Allocation Failure) done
Event: 1012.885 Executing safepoint VM operation: ParallelGCFailedAllocation (Allocation Failure)
Event: 1012.887 Executing safepoint VM operation: ParallelGCFailedAllocation (Allocation Failure) done
Event: 1012.909 Executing safepoint VM operation: ParallelGCFailedAllocation (Allocation Failure)
Event: 1012.912 Executing safepoint VM operation: ParallelGCFailedAllocation (Allocation Failure) done
Event: 1012.927 Executing safepoint VM operation: ParallelGCFailedAllocation (Allocation Failure)
Event: 1012.971 Executing safepoint VM operation: ParallelGCFailedAllocation (Allocation Failure) done
Event: 1013.315 Executing safepoint VM operation: ParallelGCFailedAllocation (Allocation Failure)
Event: 1013.331 Executing safepoint VM operation: ParallelGCFailedAllocation (Allocation Failure) done
Event: 1013.496 Executing safepoint VM operation: ParallelGCFailedAllocation (Allocation Failure)
Event: 1013.502 Executing safepoint VM operation: ParallelGCFailedAllocation (Allocation Failure) done
Event: 1013.605 Executing safepoint VM operation: ParallelGCFailedAllocation (Allocation Failure)
Event: 1013.609 Executing safepoint VM operation: ParallelGCFailedAllocation (Allocation Failure) done
Event: 1014.611 Executing safepoint VM operation: Cleanup
Event: 1014.611 Executing safepoint VM operation: Cleanup done
Event: 1021.814 Executing non-safepoint VM operation: HandshakeAllThreads (HandshakeForDeflation)
Event: 1021.814 Executing non-safepoint VM operation: HandshakeAllThreads (HandshakeForDeflation) done
Event: 1021.814 Executing non-safepoint VM operation: RendezvousGCThreads
Event: 1021.814 Executing non-safepoint VM operation: RendezvousGCThreads done

Memory protections (0 events):
No events

Nmethod flushes (20 events):
Event: 287.085 Thread 0x000001f447d510d0 flushing  nmethod 0x000001f44b86b510
Event: 287.085 Thread 0x000001f447d510d0 flushing  nmethod 0x000001f44b86bd90
Event: 287.085 Thread 0x000001f447d510d0 flushing  nmethod 0x000001f44b86c390
Event: 287.085 Thread 0x000001f447d510d0 flushing  nmethod 0x000001f44b88a710
Event: 287.085 Thread 0x000001f447d510d0 flushing  nmethod 0x000001f44b891810
Event: 287.085 Thread 0x000001f447d510d0 flushing  nmethod 0x000001f44b892e10
Event: 287.085 Thread 0x000001f447d510d0 flushing  nmethod 0x000001f44b8e1790
Event: 287.085 Thread 0x000001f447d510d0 flushing  nmethod 0x000001f44b8e4c10
Event: 287.085 Thread 0x000001f447d510d0 flushing  nmethod 0x000001f44b8e5b90
Event: 287.085 Thread 0x000001f447d510d0 flushing  nmethod 0x000001f44b8e6c90
Event: 287.085 Thread 0x000001f447d510d0 flushing  nmethod 0x000001f44b900290
Event: 287.085 Thread 0x000001f447d510d0 flushing  nmethod 0x000001f44b90f890
Event: 287.085 Thread 0x000001f447d510d0 flushing  nmethod 0x000001f44b915b90
Event: 287.085 Thread 0x000001f447d510d0 flushing  nmethod 0x000001f44b94cf10
Event: 287.085 Thread 0x000001f447d510d0 flushing  nmethod 0x000001f44b977690
Event: 287.085 Thread 0x000001f447d510d0 flushing  nmethod 0x000001f44b98a610
Event: 287.085 Thread 0x000001f447d510d0 flushing  nmethod 0x000001f44b9d3a10
Event: 287.085 Thread 0x000001f447d510d0 flushing  nmethod 0x000001f44b9da110
Event: 287.085 Thread 0x000001f447d510d0 flushing  nmethod 0x000001f44c41a690
Event: 287.085 Thread 0x000001f447d510d0 flushing  nmethod 0x000001f44c41c990

Events (20 events):
Event: 895.110 Thread 0x000001f466f237c0 Thread exited: 0x000001f466f237c0
Event: 895.253 Thread 0x000001f447dae5b0 Thread added: 0x000001f4677713a0
Event: 895.253 Thread 0x000001f447dae5b0 Thread added: 0x000001f467772140
Event: 895.807 Thread 0x000001f467772140 Thread exited: 0x000001f467772140
Event: 896.129 Thread 0x000001f4677713a0 Thread exited: 0x000001f4677713a0
Event: 897.153 Thread 0x000001f447dae5b0 Thread added: 0x000001f46776f860
Event: 897.516 Thread 0x000001f467054580 Thread added: 0x000001f4670531d0
Event: 897.517 Thread 0x000001f467054580 Thread added: 0x000001f467055930
Event: 897.517 Thread 0x000001f467055930 Thread added: 0x000001f467054c10
Event: 897.518 Thread 0x000001f467054c10 Thread added: 0x000001f4670552a0
Event: 897.892 Thread 0x000001f46776f860 Thread exited: 0x000001f46776f860
Event: 953.898 Thread 0x000001f46546e320 Thread exited: 0x000001f46546e320
Event: 954.514 Thread 0x000001f4654703f0 Thread exited: 0x000001f4654703f0
Event: 957.959 Thread 0x000001f4670531d0 Thread exited: 0x000001f4670531d0
Event: 967.985 Thread 0x000001f465468dd0 Thread exited: 0x000001f465468dd0
Event: 967.987 Thread 0x000001f46546a810 Thread exited: 0x000001f46546a810
Event: 968.546 Thread 0x000001f4605c86c0 Thread exited: 0x000001f4605c86c0
Event: 1010.340 Thread 0x000001f447d7e0e0 Thread added: 0x000001f46741e6a0
Event: 1012.309 Thread 0x000001f46741e6a0 Thread exited: 0x000001f46741e6a0
Event: 1013.910 Thread 0x000001f46546bbc0 Thread exited: 0x000001f46546bbc0


Dynamic libraries:
0x00007ff70ad10000 - 0x00007ff70ad1e000 	c:\Users\HP\.vscode\extensions\redhat.java-1.53.0-win32-x64\jre\21.0.10-win32-x86_64\bin\java.exe
0x00007fff79980000 - 0x00007fff79be7000 	C:\WINDOWS\SYSTEM32\ntdll.dll
0x00007fff78550000 - 0x00007fff78619000 	C:\WINDOWS\System32\KERNEL32.DLL
0x00007fff77090000 - 0x00007fff77481000 	C:\WINDOWS\System32\KERNELBASE.dll
0x00007fff76610000 - 0x00007fff7675b000 	C:\WINDOWS\System32\ucrtbase.dll
0x00007fff23c80000 - 0x00007fff23c9e000 	c:\Users\HP\.vscode\extensions\redhat.java-1.53.0-win32-x64\jre\21.0.10-win32-x86_64\bin\VCRUNTIME140.dll
0x00007fff24550000 - 0x00007fff24568000 	c:\Users\HP\.vscode\extensions\redhat.java-1.53.0-win32-x64\jre\21.0.10-win32-x86_64\bin\jli.dll
0x00007fff778b0000 - 0x00007fff77a75000 	C:\WINDOWS\System32\USER32.dll
0x00007fff762f0000 - 0x00007fff76317000 	C:\WINDOWS\System32\win32u.dll
0x00007fff59aa0000 - 0x00007fff59d33000 	C:\WINDOWS\WinSxS\amd64_microsoft.windows.common-controls_6595b64144ccf1df_6.0.26100.8037_none_3e092faae333b53b\COMCTL32.dll
0x00007fff77800000 - 0x00007fff778a9000 	C:\WINDOWS\System32\msvcrt.dll
0x00007fff78760000 - 0x00007fff7878b000 	C:\WINDOWS\System32\GDI32.dll
0x00007fff77490000 - 0x00007fff775bb000 	C:\WINDOWS\System32\gdi32full.dll
0x00007fff77670000 - 0x00007fff77713000 	C:\WINDOWS\System32\msvcp_win.dll
0x00007fff79400000 - 0x00007fff79431000 	C:\WINDOWS\System32\IMM32.DLL
0x00007fff55380000 - 0x00007fff5538c000 	c:\Users\HP\.vscode\extensions\redhat.java-1.53.0-win32-x64\jre\21.0.10-win32-x86_64\bin\vcruntime140_1.dll
0x00007ffeea550000 - 0x00007ffeea5dd000 	c:\Users\HP\.vscode\extensions\redhat.java-1.53.0-win32-x64\jre\21.0.10-win32-x86_64\bin\msvcp140.dll
0x00007ffe90d10000 - 0x00007ffe91ab1000 	c:\Users\HP\.vscode\extensions\redhat.java-1.53.0-win32-x64\jre\21.0.10-win32-x86_64\bin\server\jvm.dll
0x00007fff77730000 - 0x00007fff777eb000 	C:\WINDOWS\System32\ADVAPI32.dll
0x00007fff792b0000 - 0x00007fff79357000 	C:\WINDOWS\System32\sechost.dll
0x00007fff797c0000 - 0x00007fff798d8000 	C:\WINDOWS\System32\RPCRT4.dll
0x00007fff77b00000 - 0x00007fff77b74000 	C:\WINDOWS\System32\WS2_32.dll
0x00007fff760c0000 - 0x00007fff7611e000 	C:\WINDOWS\SYSTEM32\POWRPROF.dll
0x00007fff59e00000 - 0x00007fff59e35000 	C:\WINDOWS\SYSTEM32\WINMM.dll
0x00007fff69000000 - 0x00007fff6900b000 	C:\WINDOWS\SYSTEM32\VERSION.dll
0x00007fff760a0000 - 0x00007fff760b4000 	C:\WINDOWS\SYSTEM32\UMPDC.dll
0x00007fff74fc0000 - 0x00007fff74fdb000 	C:\WINDOWS\SYSTEM32\kernel.appcore.dll
0x00007fff37aa0000 - 0x00007fff37aaa000 	c:\Users\HP\.vscode\extensions\redhat.java-1.53.0-win32-x64\jre\21.0.10-win32-x86_64\bin\jimage.dll
0x00007fff70910000 - 0x00007fff70b52000 	C:\WINDOWS\SYSTEM32\DBGHELP.DLL
0x00007fff781c0000 - 0x00007fff78542000 	C:\WINDOWS\System32\combase.dll
0x00007fff78930000 - 0x00007fff78a07000 	C:\WINDOWS\System32\OLEAUT32.dll
0x00007fff58f00000 - 0x00007fff58f3b000 	C:\WINDOWS\SYSTEM32\dbgcore.DLL
0x00007fff775c0000 - 0x00007fff77665000 	C:\WINDOWS\System32\bcryptPrimitives.dll
0x00007fff37990000 - 0x00007fff3799f000 	c:\Users\HP\.vscode\extensions\redhat.java-1.53.0-win32-x64\jre\21.0.10-win32-x86_64\bin\instrument.dll
0x00007fff23c60000 - 0x00007fff23c80000 	c:\Users\HP\.vscode\extensions\redhat.java-1.53.0-win32-x64\jre\21.0.10-win32-x86_64\bin\java.dll
0x00007fff78a10000 - 0x00007fff7916f000 	C:\WINDOWS\System32\SHELL32.dll
0x00007fff764a0000 - 0x00007fff7660a000 	C:\WINDOWS\System32\wintypes.dll
0x00007fff76760000 - 0x00007fff76fc4000 	C:\WINDOWS\System32\windows.storage.dll
0x00007fff78660000 - 0x00007fff78757000 	C:\WINDOWS\System32\SHCORE.dll
0x00007fff79240000 - 0x00007fff792a7000 	C:\WINDOWS\System32\shlwapi.dll
0x00007fff76180000 - 0x00007fff761a9000 	C:\WINDOWS\SYSTEM32\profapi.dll
0x00007fff20790000 - 0x00007fff207a8000 	c:\Users\HP\.vscode\extensions\redhat.java-1.53.0-win32-x64\jre\21.0.10-win32-x86_64\bin\zip.dll
0x00007fff37260000 - 0x00007fff37270000 	C:\Users\HP\.vscode\extensions\redhat.java-1.53.0-win32-x64\jre\21.0.10-win32-x86_64\bin\net.dll
0x00007fff6cee0000 - 0x00007fff6d007000 	C:\WINDOWS\SYSTEM32\WINHTTP.dll
0x00007fff75560000 - 0x00007fff755cb000 	C:\WINDOWS\system32\mswsock.dll
0x00007fff20770000 - 0x00007fff20786000 	C:\Users\HP\.vscode\extensions\redhat.java-1.53.0-win32-x64\jre\21.0.10-win32-x86_64\bin\nio.dll
0x00007fff37130000 - 0x00007fff37140000 	c:\Users\HP\.vscode\extensions\redhat.java-1.53.0-win32-x64\jre\21.0.10-win32-x86_64\bin\verify.dll
0x00007ffef1930000 - 0x00007ffef1975000 	C:\Users\HP\AppData\Roaming\Code\User\globalStorage\redhat.java\1.53.0\config_win\org.eclipse.equinox.launcher\org.eclipse.equinox.launcher.win32.win32.x86_64_1.3.0.v20260203-2149\eclipse_11919.dll
0x00007fff78790000 - 0x00007fff78925000 	C:\WINDOWS\System32\ole32.dll
0x00007fff75840000 - 0x00007fff7585b000 	C:\WINDOWS\SYSTEM32\CRYPTSP.dll
0x00007fff74f20000 - 0x00007fff74f59000 	C:\WINDOWS\system32\rsaenh.dll
0x00007fff75610000 - 0x00007fff75642000 	C:\WINDOWS\SYSTEM32\USERENV.dll
0x00007fff76150000 - 0x00007fff7617a000 	C:\WINDOWS\SYSTEM32\bcrypt.dll
0x00007fff75860000 - 0x00007fff7586c000 	C:\WINDOWS\SYSTEM32\CRYPTBASE.dll
0x00007fff749a0000 - 0x00007fff749d3000 	C:\WINDOWS\SYSTEM32\IPHLPAPI.DLL
0x00007fff79440000 - 0x00007fff7944a000 	C:\WINDOWS\System32\NSI.dll
0x00007ffeee040000 - 0x00007ffeee089000 	C:\Users\HP\AppData\Local\Temp\jna-2312\jna1192193565360240312.dll
0x00007fff78650000 - 0x00007fff78658000 	C:\WINDOWS\System32\PSAPI.DLL
0x00007fff65390000 - 0x00007fff653ad000 	C:\WINDOWS\SYSTEM32\dhcpcsvc6.DLL
0x00007fff65360000 - 0x00007fff65383000 	C:\WINDOWS\SYSTEM32\dhcpcsvc.DLL
0x00007fff30c30000 - 0x00007fff30c3e000 	C:\Users\HP\.vscode\extensions\redhat.java-1.53.0-win32-x64\jre\21.0.10-win32-x86_64\bin\sunmscapi.dll
0x00007fff76320000 - 0x00007fff76497000 	C:\WINDOWS\System32\CRYPT32.dll
0x00007fff75a60000 - 0x00007fff75a90000 	C:\WINDOWS\SYSTEM32\ncrypt.dll
0x00007fff75a10000 - 0x00007fff75a4f000 	C:\WINDOWS\SYSTEM32\NTASN1.dll
0x00007fff74a30000 - 0x00007fff74b5a000 	C:\WINDOWS\SYSTEM32\DNSAPI.dll
0x00007fff69010000 - 0x00007fff6901b000 	C:\Windows\System32\rasadhlp.dll
0x00007fff63e20000 - 0x00007fff63ea6000 	C:\WINDOWS\System32\fwpuclnt.dll
0x00007fff6dc30000 - 0x00007fff6dc39000 	C:\Users\HP\.vscode\extensions\redhat.java-1.53.0-win32-x64\jre\21.0.10-win32-x86_64\bin\extnet.dll
0x00007fff750f0000 - 0x00007fff75126000 	C:\WINDOWS\SYSTEM32\ntmarta.dll

JVMTI agents:
c:\Users\HP\.vscode\extensions\redhat.java-1.53.0-win32-x64\lombok\lombok-1.18.39-4050.jar path:c:\Users\HP\.vscode\extensions\redhat.java-1.53.0-win32-x64\jre\21.0.10-win32-x86_64\bin\instrument.dll, loaded, initialized, instrumentlib options:none

dbghelp: loaded successfully - version: 4.0.5 - missing functions: none
symbol engine: initialized successfully - sym options: 0x614 - pdb path: .;c:\Users\HP\.vscode\extensions\redhat.java-1.53.0-win32-x64\jre\21.0.10-win32-x86_64\bin;C:\WINDOWS\SYSTEM32;C:\WINDOWS\WinSxS\amd64_microsoft.windows.common-controls_6595b64144ccf1df_6.0.26100.8037_none_3e092faae333b53b;c:\Users\HP\.vscode\extensions\redhat.java-1.53.0-win32-x64\jre\21.0.10-win32-x86_64\bin\server;C:\Users\HP\AppData\Roaming\Code\User\globalStorage\redhat.java\1.53.0\config_win\org.eclipse.equinox.launcher\org.eclipse.equinox.launcher.win32.win32.x86_64_1.3.0.v20260203-2149;C:\Users\HP\AppData\Local\Temp\jna-2312

VM Arguments:
jvm_args: --add-modules=ALL-SYSTEM --add-opens=java.base/java.util=ALL-UNNAMED --add-opens=java.base/java.lang=ALL-UNNAMED --add-opens=java.base/sun.nio.fs=ALL-UNNAMED -Declipse.application=org.eclipse.jdt.ls.core.id1 -Dosgi.bundles.defaultStartLevel=4 -Declipse.product=org.eclipse.jdt.ls.core.product -Djava.import.generatesMetadataFilesAtProjectRoot=false -DDetectVMInstallationsJob.disabled=true -Dfile.encoding=utf8 -XX:+UseParallelGC -XX:GCTimeRatio=4 -XX:AdaptiveSizePolicyWeight=90 -Dsun.zip.disableMemoryMapping=true -Xmx2G -Xms100m -Xlog:disable -javaagent:c:\Users\HP\.vscode\extensions\redhat.java-1.53.0-win32-x64\lombok\lombok-1.18.39-4050.jar -XX:+HeapDumpOnOutOfMemoryError -XX:HeapDumpPath=c:\Users\HP\AppData\Roaming\Code\User\workspaceStorage\d10c0018a41ea56a6c36ef20fee6cae2\redhat.java -Daether.dependencyCollector.impl=bf 
java_command: c:\Users\HP\.vscode\extensions\redhat.java-1.53.0-win32-x64\server\plugins\org.eclipse.equinox.launcher_1.7.100.v20251111-0406.jar -configuration c:\Users\HP\AppData\Roaming\Code\User\globalStorage\redhat.java\1.53.0\config_win -data c:\Users\HP\AppData\Roaming\Code\User\workspaceStorage\d10c0018a41ea56a6c36ef20fee6cae2\redhat.java\jdt_ws --pipe=\\.\pipe\lsp-6295e0b1fa3d068f4dc3aadd63d808c3-sock
java_class_path (initial): c:\Users\HP\.vscode\extensions\redhat.java-1.53.0-win32-x64\server\plugins\org.eclipse.equinox.launcher_1.7.100.v20251111-0406.jar
Launcher Type: SUN_STANDARD

[Global flags]
    uintx AdaptiveSizePolicyWeight                 = 90                                        {product} {command line}
     intx CICompilerCount                          = 4                                         {product} {ergonomic}
    uintx GCTimeRatio                              = 4                                         {product} {command line}
     bool HeapDumpOnOutOfMemoryError               = true                                   {manageable} {command line}
    ccstr HeapDumpPath                             = c:\Users\HP\AppData\Roaming\Code\User\workspaceStorage\d10c0018a41ea56a6c36ef20fee6cae2\redhat.java         {manageable} {command line}
   size_t InitialHeapSize                          = 104857600                                 {product} {command line}
   size_t MaxHeapSize                              = 2147483648                                {product} {command line}
   size_t MaxNewSize                               = 715653120                                 {product} {ergonomic}
   size_t MinHeapDeltaBytes                        = 524288                                    {product} {ergonomic}
   size_t MinHeapSize                              = 104857600                                 {product} {command line}
   size_t NewSize                                  = 34603008                                  {product} {ergonomic}
    uintx NonNMethodCodeHeapSize                   = 5839372                                {pd product} {ergonomic}
    uintx NonProfiledCodeHeapSize                  = 122909434                              {pd product} {ergonomic}
   size_t OldSize                                  = 70254592                                  {product} {ergonomic}
    uintx ProfiledCodeHeapSize                     = 122909434                              {pd product} {ergonomic}
    uintx ReservedCodeCacheSize                    = 251658240                              {pd product} {ergonomic}
     bool SegmentedCodeCache                       = true                                      {product} {ergonomic}
   size_t SoftMaxHeapSize                          = 2147483648                             {manageable} {ergonomic}
     bool UseCompressedOops                        = true                           {product lp64_product} {ergonomic}
     bool UseLargePagesIndividualAllocation        = false                                  {pd product} {ergonomic}
     bool UseParallelGC                            = true                                      {product} {command line}

Logging:
Log output configuration:
 #0: stdout all=off uptime,level,tags foldmultilines=false
 #1: stderr all=off uptime,level,tags foldmultilines=false

Release file:
JAVA_VERSION="21.0.10" 
MODULES="java.base java.compiler java.datatransfer java.xml java.prefs java.desktop java.instrument java.logging java.management java.security.sasl java.naming java.rmi java.management.rmi java.net.http java.scripting java.security.jgss java.transaction.xa java.sql java.sql.rowset java.xml.crypto java.se java.smartcardio jdk.accessibility jdk.internal.jvmstat jdk.attach jdk.charsets jdk.internal.opt jdk.zipfs jdk.compiler jdk.crypto.ec jdk.crypto.cryptoki jdk.crypto.mscapi jdk.dynalink jdk.internal.ed jdk.editpad jdk.hotspot.agent jdk.httpserver jdk.internal.le jdk.internal.vm.ci jdk.internal.vm.compiler jdk.internal.vm.compiler.management jdk.jartool jdk.javadoc jdk.jcmd jdk.management jdk.management.agent jdk.jconsole jdk.jdeps jdk.jdwp.agent jdk.jdi jdk.jfr jdk.jshell jdk.jsobject jdk.jstatd jdk.localedata jdk.management.jfr jdk.naming.dns jdk.naming.rmi jdk.net jdk.nio.mapmode jdk.random jdk.sctp jdk.security.auth jdk.security.jgss jdk.unsupported jdk.unsupported.desktop jdk.xml.dom" 

Environment Variables:
JAVA_HOME=C:\Program Files\Eclipse Adoptium\jdk-21.0.9.10-hotspot
PATH=C:\Users\HP\AppData\Local\Programs\Microsoft VS Code;C:\Windows\System32;C:\Windows;C:\Windows\System32\Wbem;C:\Windows\System32\WindowsPowerShell\v1.0\;C:\Program Files\Eclipse Adoptium\jdk-21.0.9.10-hotspot\bin;C:\Users\HP\Documents\Downloads\apache-maven-3.9.9\bin;C:\Program Files\Git\cmd;C:\Program Files\Microsoft SQL Server\Client SDK\ODBC\170\Tools\Binn\;C:\Program Files\Microsoft SQL Server\160\DTS\Binn\;C:\Program Files\PowerShell\7\;C:\Users\HP\AppData\Local\Programs\Python\Python312\Scripts\;C:\Users\HP\AppData\Local\Programs\Python\Python312\;C:\Users\HP\AppData\Local\Programs\Python\Python311\Scripts\;C:\Users\HP\AppData\Local\Programs\Python\Python311\;C:\Users\HP\anaconda3;C:\Users\HP\anaconda3\Library\mingw-w64\bin;C:\Users\HP\anaconda3\Library\usr\bin;C:\Users\HP\anaconda3\Library\bin;C:\Users\HP\anaconda3\Scripts;C:\Users\HP\AppData\Local\Microsoft\WindowsApps;C:\Program Files\Azure Data Studio\bin;C:\Users\HP\AppData\Local\Programs\Microsoft VS Code\bin;C:\Program Files\nodejs;C:\Users\HP\.dotnet\tools;C:\Users\HP\Desktop\apache-maven-3.9.8\bin\;C:\Users\HP\AppData\Local\Microsoft\WinGet\Packages\Schniz.fnm_Microsoft.Winget.Source_8wekyb3d8bbwe;C:\MinGW\bin;C:\Program Files\Docker\Docker\resources\bin;
USERNAME=HP
OS=Windows_NT
PROCESSOR_IDENTIFIER=Intel64 Family 6 Model 142 Stepping 12, GenuineIntel
TMP=C:\Users\HP\AppData\Local\Temp
TEMP=C:\Users\HP\AppData\Local\Temp




Periodic native trim disabled

---------------  S Y S T E M  ---------------

OS:
 Windows 11 , 64 bit Build 26100 (10.0.26100.7920)
OS uptime: 17 days 0:14 hours
Hyper-V role detected

CPU: total 8 (initial active 8) (4 cores per cpu, 2 threads per core) family 6 model 142 stepping 12 microcode 0xf0, cx8, cmov, fxsr, ht, mmx, 3dnowpref, sse, sse2, sse3, ssse3, sse4.1, sse4.2, popcnt, lzcnt, tsc, tscinvbit, avx, avx2, aes, erms, clmul, bmi1, bmi2, adx, fma, vzeroupper, clflush, clflushopt, hv, rdtscp, f16c
Processor Information for the first 8 processors :
  Max Mhz: 2112, Current Mhz: 1609, Mhz Limit: 1605

Memory: 4k page, system-wide physical 7979M (329M free)
TotalPageFile size 28843M (AvailPageFile size 18M)
current process WorkingSet (physical memory assigned to process): 12M, peak: 474M
current process commit charge ("private bytes"): 766M, peak: 775M

vm_info: OpenJDK 64-Bit Server VM (21.0.10+7-LTS) for windows-amd64 JRE (21.0.10+7-LTS), built on 2026-01-20T00:00:00Z by "admin" with MS VC++ 17.12 (VS2022)

END.
